2026-09-24 23:10:40,481 [INFO] Working directory set to: E:\Data Engineering\python\( Python + SQL ) Project
2026-09-24 23:10:40,482 [INFO]  >>> Bronze Layer Database File Is Connected <<< 
2026-09-24 23:10:40,482 [INFO]  >>> File Location: E:\Data Engineering\python\( Python + SQL ) Project\Database.db <<< 
2026-09-24 23:10:40,482 [INFO] ----------------------------------------------------------------------
2026-09-24 23:10:40,711 [INFO]  >>> Bronze Table (bronze_data) Schema Initialized <<< 
2026-09-24 23:10:40,711 [INFO] ----------------------------------------------------------------------
2026-09-24 23:10:40,715 [INFO]  >>> Starting Streaming Data Ingestion into Bronze Table <<< 
2026-09-24 23:10:40,715 [INFO]  >>> Source CSV: E:\Data Engineering\python\( Python + SQL ) Project\bronze_transactions_raw.csv <<< 
2026-09-24 23:10:40,967 [INFO]  -> Inserted: 50,000 rows...
2026-09-24 23:10:41,199 [INFO]  -> Inserted: 100,000 rows...
2026-09-24 23:10:41,475 [INFO]  -> Inserted: 150,000 rows...
2026-09-24 23:10:41,727 [INFO]  -> Inserted: 200,000 rows...
2026-09-24 23:10:41,982 [INFO]  -> Inserted: 250,000 rows...
2026-09-24 23:10:42,223 [INFO]  -> Inserted: 300,000 rows...
2026-09-24 23:10:42,469 [INFO]  -> Inserted: 350,000 rows...
2026-09-24 23:10:42,955 [INFO]  -> Inserted: 400,000 rows...
2026-09-24 23:10:43,457 [INFO]  -> Inserted: 450,000 rows...
2026-09-24 23:10:43,959 [INFO]  -> Inserted: 500,000 rows...
2026-09-24 23:10:44,267 [INFO]  -> Inserted: 550,000 rows...
2026-09-24 23:10:44,490 [INFO]  -> Inserted: 600,000 rows...
2026-09-24 23:10:44,714 [INFO]  -> Inserted: 650,000 rows...
2026-09-24 23:10:44,956 [INFO]  -> Inserted: 700,000 rows...
2026-09-24 23:10:45,174 [INFO]  -> Inserted: 750,000 rows...
2026-09-24 23:10:45,393 [INFO]  -> Inserted: 800,000 rows...
2026-09-24 23:10:45,703 [INFO]  -> Inserted: 850,000 rows...
2026-09-24 23:10:46,274 [INFO]  -> Inserted: 900,000 rows...
2026-09-24 23:10:46,891 [INFO]  -> Inserted: 950,000 rows...
2026-09-24 23:10:47,311 [INFO]  -> Inserted: 1,000,000 rows...
2026-09-24 23:10:47,324 [INFO] ----------------------------------------------------------------------
2026-09-24 23:10:47,324 [INFO]  >>> Done! Successfully inserted 1,000,000 rows in 6.61s <<< 
2026-09-24 23:10:47,324 [INFO] ----------------------------------------------------------------------
2026-09-24 23:10:47,325 [INFO]  >>> Database Connection Safely Closed <<< 
