2026-09-24 23:05:09,057 [INFO] Working directory set to: E:\Data Engineering\python\( Python + SQL ) Project
2026-09-24 23:05:09,058 [INFO]  >>> Generating realistic Customer Master Data... <<< 
2026-09-24 23:05:09,141 [INFO] Customer pool generated successfully with 30,000 unique profiles.
2026-09-24 23:05:09,141 [INFO] --- Generating 1,000,000 rows with LOGICAL relationships ---
2026-09-24 23:05:09,826 [INFO] Progress: 50,000 / 1,000,000 rows written...
2026-09-24 23:05:10,656 [INFO] Progress: 100,000 / 1,000,000 rows written...
2026-09-24 23:05:11,480 [INFO] Progress: 150,000 / 1,000,000 rows written...
2026-09-24 23:05:12,111 [INFO] Progress: 200,000 / 1,000,000 rows written...
2026-09-24 23:05:12,743 [INFO] Progress: 250,000 / 1,000,000 rows written...
2026-09-24 23:05:13,713 [INFO] Progress: 300,000 / 1,000,000 rows written...
2026-09-24 23:05:15,052 [INFO] Progress: 350,000 / 1,000,000 rows written...
2026-09-24 23:05:16,405 [INFO] Progress: 400,000 / 1,000,000 rows written...
2026-09-24 23:05:17,768 [INFO] Progress: 450,000 / 1,000,000 rows written...
2026-09-24 23:05:19,188 [INFO] Progress: 500,000 / 1,000,000 rows written...
2026-09-24 23:05:20,622 [INFO] Progress: 550,000 / 1,000,000 rows written...
2026-09-24 23:05:21,956 [INFO] Progress: 600,000 / 1,000,000 rows written...
2026-09-24 23:05:23,319 [INFO] Progress: 650,000 / 1,000,000 rows written...
2026-09-24 23:05:24,589 [INFO] Progress: 700,000 / 1,000,000 rows written...
2026-09-24 23:05:25,186 [INFO] Progress: 750,000 / 1,000,000 rows written...
2026-09-24 23:05:25,779 [INFO] Progress: 800,000 / 1,000,000 rows written...
2026-09-24 23:05:26,375 [INFO] Progress: 850,000 / 1,000,000 rows written...
2026-09-24 23:05:27,635 [INFO] Progress: 900,000 / 1,000,000 rows written...
2026-09-24 23:05:28,566 [INFO] Progress: 950,000 / 1,000,000 rows written...
2026-09-24 23:05:29,159 [INFO] Progress: 1,000,000 / 1,000,000 rows written...
2026-09-24 23:05:29,160 [INFO] Done in 20.02s! Data is now completely logical.
2026-09-24 23:05:29,160 [INFO] CSV file saved to: E:\Data Engineering\python\( Python + SQL ) Project\bronze_transactions_raw.csv
